// Jest Snapshot v1, https://goo.gl/fbAQLP

exports[`voice computer theme should have a theme with colors and fonts 1`] = `
Object {
  "colors": Object {
    "highlight": Object {
      "blue": "#5677fc",
      "green": "#259b24",
      "red": "#e51c23",
      "yellow": "#ffeb3b",
    },
    "neutral": Array [
      "#fafafa",
      "#eeeff1",
      "#d2d5db",
      "#a6abb7",
      "#4d586f",
      "#202D4A",
      "#1a2a4d",
    ],
    "primary": Object {
      "main": "#202d4a",
      "secondary": "#ffffff",
      "tertiary": "#afbfff",
    },
    "secondary": Object {
      "main": "#eeeff1",
      "secondary": "#202D4A",
      "tertiary": "#5677fc",
    },
    "tertiary": Object {
      "main": "#009688",
      "secondary": "#ffffff",
      "tertiary": "#ffffff",
    },
  },
  "fontSizes": Array [
    0.819,
    1.092,
    1.455,
    1.94,
    2.585,
    3.446,
    4.594,
  ],
  "fonts": Object {
    "0": "Poppins, -apple-system, BlinkMacSystemFont, \\"Segoe UI\\", Roboto, Helvetica, Arial, sans-serif, \\"Apple Color Emoji\\", \\"Segoe UI Emoji\\", \\"Segoe UI Symbol\\"",
  },
  "lineHeights": Array [
    1,
    1.125,
    1.25,
    1.5,
    1.75,
  ],
  "shadows": Array [
    "none",
    "rgba(50, 50, 93, 0.11) 0px 4px 6px 0px, rgba(0, 0, 0, 0.08) 0px 1px 3px 0px",
    "0 0 16px rgba(0, 0, 0, 0.1)",
    "0 10px 20px rgba(0, 0, 0, 0.1), 0 3px 6px rgba(0, 0, 0, 0.1)",
  ],
  "space": Array [
    0,
    4,
    8,
    16,
    24,
    32,
    64,
  ],
}
`;
